{
    "analyzer": {
        "ch_plain": {
            "type": "custom",
            "tokenizer": "standard",
            "filter": [
                "icu_normalizer"
            ],
            "char_filter": [
                "word_break_helper"
            ]
        },
        "ch_plain_search": {
            "type": "custom",
            "tokenizer": "standard",
            "filter": [
                "icu_normalizer"
            ],
            "char_filter": [
                "word_break_helper"
            ]
        },
        "fy_plain": {
            "type": "custom",
            "tokenizer": "standard",
            "filter": [
                "icu_normalizer"
            ],
            "char_filter": [
                "word_break_helper"
            ]
        },
        "fy_plain_search": {
            "type": "custom",
            "tokenizer": "standard",
            "filter": [
                "icu_normalizer"
            ],
            "char_filter": [
                "word_break_helper"
            ]
        },
        "kab_plain": {
            "type": "custom",
            "tokenizer": "standard",
            "filter": [
                "icu_normalizer"
            ],
            "char_filter": [
                "word_break_helper"
            ]
        },
        "kab_plain_search": {
            "type": "custom",
            "tokenizer": "standard",
            "filter": [
                "icu_normalizer"
            ],
            "char_filter": [
                "word_break_helper"
            ]
        },
        "ti_plain": {
            "type": "custom",
            "tokenizer": "standard",
            "filter": [
                "icu_normalizer"
            ],
            "char_filter": [
                "word_break_helper"
            ]
        },
        "ti_plain_search": {
            "type": "custom",
            "tokenizer": "standard",
            "filter": [
                "icu_normalizer"
            ],
            "char_filter": [
                "word_break_helper"
            ]
        },
        "xmf_plain": {
            "type": "custom",
            "tokenizer": "standard",
            "filter": [
                "icu_normalizer"
            ],
            "char_filter": [
                "word_break_helper"
            ]
        },
        "xmf_plain_search": {
            "type": "custom",
            "tokenizer": "standard",
            "filter": [
                "icu_normalizer"
            ],
            "char_filter": [
                "word_break_helper"
            ]
        }
    },
    "filter": {
        "icu_normalizer": {
            "type": "icu_normalizer",
            "name": "nfkc_cf"
        }
    },
    "char_filter": {
        "word_break_helper": {
            "type": "mapping",
            "mappings": [
                "_=>\\u0020",
                ".=>\\u0020",
                "(=>\\u0020",
                ")=>\\u0020"
            ]
        }
    },
    "tokenizer": []
}