{
    "analyzer": {
        "he_plain": {
            "type": "custom",
            "tokenizer": "standard",
            "filter": [
                "lowercase"
            ],
            "char_filter": [
                "word_break_helper"
            ]
        },
        "he_plain_search": {
            "type": "custom",
            "tokenizer": "standard",
            "filter": [
                "lowercase"
            ],
            "char_filter": [
                "word_break_helper"
            ]
        },
        "uk_plain": {
            "type": "custom",
            "tokenizer": "standard",
            "filter": [
                "lowercase"
            ],
            "char_filter": [
                "word_break_helper"
            ]
        },
        "uk_plain_search": {
            "type": "custom",
            "tokenizer": "standard",
            "filter": [
                "lowercase"
            ],
            "char_filter": [
                "word_break_helper"
            ]
        }
    },
    "filter": {
        "lowercase": {
            "type": "lowercase"
        }
    },
    "char_filter": {
        "word_break_helper": {
            "type": "mapping",
            "mappings": [
                "_=>\\u0020",
                ".=>\\u0020",
                "(=>\\u0020",
                ")=>\\u0020"
            ]
        }
    },
    "tokenizer": []
}