{
    "__main__": {
        "description": "full_text search for 'vdy\u0113j\u016byeyafqhrqtwtfmvvbv\u4e0d\u987e\u8981\u6b7b\u4e0d\u6d3b\u7684\u59d1\u5a18\u98ce\u666f\u5982\u5c0fD3\uff1an\u2006t\u2006q\u2006h\u2006ra\u2006r\u2006n\u2006q\u2006r\u2006n\u2006q\u2006n\u2006r\u2006q\u2006r\u2006n\u2006w\u2006t\u2006n\u2006ran\u2006s\u2006g\u662f\u5426\u80fdZ\u6216\u8005 Ru \u4eba\u4e5f\u4e0d\u53d1\u8fbe\u5676\u5206\u6e56\u4eba\u5974\u55ef\u4e5f\u80fd\u4e00\u5e74\u65f6\u5149\u554a\u90ed\u5fb7\u7eb2\uff09n\u8702\u871c\u72b9\u5982\u7684\u8fd8\u662f\u521b\u59cb\u4eba\u53d1\u5e03A\u5927\u80a1\u4e1c'",
        "options": {
            "search_type": "dfs_query_then_fetch",
            "timeout": "20s"
        },
        "params": {
            "search_type": "dfs_query_then_fetch",
            "timeout": "20s"
        },
        "path": "wiki\/page\/_search",
        "query": {
            "_source": [
                "namespace",
                "namespace_text",
                "redirect.*",
                "text_bytes",
                "timestamp",
                "title",
                "wiki"
            ],
            "highlight": {
                "fields": {
                    "auxiliary_text": {
                        "fragment_size": 150,
                        "fragmenter": "scan",
                        "matched_fields": [
                            "auxiliary_text",
                            "auxiliary_text.plain"
                        ],
                        "number_of_fragments": 1,
                        "options": {
                            "boost_before": {
                                "20": 2,
                                "50": 1.8,
                                "200": 1.5,
                                "1000": 1.2
                            },
                            "max_fragments_scored": 5000,
                            "skip_if_last_matched": true,
                            "top_scoring": true
                        },
                        "type": "experimental"
                    },
                    "category": {
                        "fragmenter": "none",
                        "matched_fields": [
                            "category",
                            "category.plain"
                        ],
                        "number_of_fragments": 1,
                        "options": {
                            "skip_if_last_matched": true
                        },
                        "order": "score",
                        "type": "experimental"
                    },
                    "file_text": {
                        "fragment_size": 150,
                        "fragmenter": "scan",
                        "matched_fields": [
                            "file_text",
                            "file_text.plain"
                        ],
                        "number_of_fragments": 1,
                        "options": {
                            "boost_before": {
                                "20": 2,
                                "50": 1.8,
                                "200": 1.5,
                                "1000": 1.2
                            },
                            "max_fragments_scored": 5000,
                            "skip_if_last_matched": true,
                            "top_scoring": true
                        },
                        "type": "experimental"
                    },
                    "heading": {
                        "fragmenter": "none",
                        "matched_fields": [
                            "heading",
                            "heading.plain"
                        ],
                        "number_of_fragments": 1,
                        "options": {
                            "skip_if_last_matched": true
                        },
                        "order": "score",
                        "type": "experimental"
                    },
                    "redirect.title": {
                        "fragmenter": "none",
                        "matched_fields": [
                            "redirect.title",
                            "redirect.title.plain"
                        ],
                        "number_of_fragments": 1,
                        "options": {
                            "skip_if_last_matched": true
                        },
                        "order": "score",
                        "type": "experimental"
                    },
                    "text": {
                        "fragment_size": 150,
                        "fragmenter": "scan",
                        "matched_fields": [
                            "text",
                            "text.plain"
                        ],
                        "no_match_size": 150,
                        "number_of_fragments": 1,
                        "options": {
                            "boost_before": {
                                "20": 2,
                                "50": 1.8,
                                "200": 1.5,
                                "1000": 1.2
                            },
                            "max_fragments_scored": 5000,
                            "top_scoring": true
                        },
                        "type": "experimental"
                    },
                    "title": {
                        "fragmenter": "none",
                        "matched_fields": [
                            "title",
                            "title.plain"
                        ],
                        "number_of_fragments": 1,
                        "type": "experimental"
                    }
                },
                "highlight_query": {
                    "query_string": {
                        "allow_leading_wildcard": true,
                        "default_operator": "AND",
                        "fields": [
                            "auxiliary_text.plain^0.5",
                            "auxiliary_text^0.25",
                            "category.plain^8",
                            "category^4",
                            "heading.plain^5",
                            "heading^2.5",
                            "opening_text.plain^3",
                            "opening_text^1.5",
                            "redirect.title.plain^15",
                            "redirect.title^7.5",
                            "text.plain^1",
                            "text^0.5",
                            "title.plain^20",
                            "title^10"
                        ],
                        "fuzzy_prefix_length": 2,
                        "max_determinized_states": 500,
                        "phrase_slop": 1,
                        "query": "vdy\u0113j\u016byeyafqhrqtwtfmvvbv\u4e0d\u987e\u8981\u6b7b\u4e0d\u6d3b\u7684\u59d1\u5a18\u98ce\u666f\u5982\u5c0fD3\uff1an\u2006t\u2006q\u2006h\u2006ra\u2006r\u2006n\u2006q\u2006r\u2006n\u2006q\u2006n\u2006r\u2006q\u2006r\u2006n\u2006w\u2006t\u2006n\u2006ran\u2006s\u2006g\u662f\u5426\u80fdZ\u6216\u8005 Ru \u4eba\u4e5f\u4e0d\u53d1\u8fbe\u5676\u5206\u6e56\u4eba\u5974\u55ef\u4e5f\u80fd\u4e00\u5e74\u65f6\u5149\u554a\u90ed\u5fb7\u7eb2\uff09n\u8702\u871c\u72b9\u5982\u7684\u8fd8\u662f\u521b\u59cb\u4eba\u53d1\u5e03A\u5927\u80a1\u4e1c",
                        "rewrite": "top_terms_boost_1024"
                    }
                },
                "post_tags": [
                    "\ue001"
                ],
                "pre_tags": [
                    "\ue000"
                ]
            },
            "query": {
                "bool": {
                    "filter": [
                        {
                            "terms": {
                                "namespace": [
                                    0,
                                    1,
                                    2,
                                    3
                                ]
                            }
                        }
                    ],
                    "minimum_should_match": 1,
                    "should": [
                        {
                            "multi_match": {
                                "fields": [
                                    "all_near_match.asciifolding^1.5",
                                    "all_near_match^2"
                                ],
                                "query": "vdy\u0113j\u016byeyafqhrqtwtfmvvbv\u4e0d\u987e\u8981\u6b7b\u4e0d\u6d3b\u7684\u59d1\u5a18\u98ce\u666f\u5982\u5c0fD3\uff1an\u2006t\u2006q\u2006h\u2006ra\u2006r\u2006n\u2006q\u2006r\u2006n\u2006q\u2006n\u2006r\u2006q\u2006r\u2006n\u2006w\u2006t\u2006n\u2006ran\u2006s\u2006g\u662f\u5426\u80fdZ\u6216\u8005 Ru \u4eba\u4e5f\u4e0d\u53d1\u8fbe\u5676\u5206\u6e56\u4eba\u5974\u55ef\u4e5f\u80fd\u4e00\u5e74\u65f6\u5149\u554a\u90ed\u5fb7\u7eb2\uff09n\u8702\u871c\u72b9\u5982\u7684\u8fd8\u662f\u521b\u59cb\u4eba\u53d1\u5e03A\u5927\u80a1\u4e1c"
                            }
                        },
                        {
                            "query_string": {
                                "allow_leading_wildcard": true,
                                "default_operator": "AND",
                                "fields": [
                                    "all.plain^1",
                                    "all^0.5"
                                ],
                                "fuzzy_prefix_length": 2,
                                "max_determinized_states": 500,
                                "phrase_slop": 0,
                                "query": "vdy\u0113j\u016byeyafqhrqtwtfmvvbv\u4e0d\u987e\u8981\u6b7b\u4e0d\u6d3b\u7684\u59d1\u5a18\u98ce\u666f\u5982\u5c0fD3\uff1an\u2006t\u2006q\u2006h\u2006ra\u2006r\u2006n\u2006q\u2006r\u2006n\u2006q\u2006n\u2006r\u2006q\u2006r\u2006n\u2006w\u2006t\u2006n\u2006ran\u2006s\u2006g\u662f\u5426\u80fdZ\u6216\u8005 Ru \u4eba\u4e5f\u4e0d\u53d1\u8fbe\u5676\u5206\u6e56\u4eba\u5974\u55ef\u4e5f\u80fd\u4e00\u5e74\u65f6\u5149\u554a\u90ed\u5fb7\u7eb2\uff09n\u8702\u871c\u72b9\u5982\u7684\u8fd8\u662f\u521b\u59cb\u4eba\u53d1\u5e03A\u5927\u80a1\u4e1c",
                                "rewrite": "top_terms_boost_1024"
                            }
                        }
                    ]
                }
            },
            "rescore": [
                {
                    "query": {
                        "query_weight": 1,
                        "rescore_query": {
                            "function_score": {
                                "functions": [
                                    {
                                        "field_value_factor": {
                                            "field": "incoming_links",
                                            "missing": 0,
                                            "modifier": "log2p"
                                        }
                                    },
                                    {
                                        "filter": {
                                            "terms": {
                                                "namespace": [
                                                    1
                                                ]
                                            }
                                        },
                                        "weight": 0.25
                                    },
                                    {
                                        "filter": {
                                            "terms": {
                                                "namespace": [
                                                    2
                                                ]
                                            }
                                        },
                                        "weight": 0.05
                                    },
                                    {
                                        "filter": {
                                            "terms": {
                                                "namespace": [
                                                    3
                                                ]
                                            }
                                        },
                                        "weight": 0.0125
                                    }
                                ]
                            }
                        },
                        "rescore_query_weight": 1,
                        "score_mode": "multiply"
                    },
                    "window_size": 8192
                },
                {
                    "query": {
                        "query_weight": 1,
                        "rescore_query": {
                            "query_string": {
                                "allow_leading_wildcard": true,
                                "default_operator": "AND",
                                "fields": [
                                    "all.plain^1",
                                    "all^0.5"
                                ],
                                "fuzzy_prefix_length": 2,
                                "max_determinized_states": 500,
                                "phrase_slop": 1,
                                "query": "\"vdy\u0113j\u016byeyafqhrqtwtfmvvbv\u4e0d\u987e\u8981\u6b7b\u4e0d\u6d3b\u7684\u59d1\u5a18\u98ce\u666f\u5982\u5c0fD3\uff1an\u2006t\u2006q\u2006h\u2006ra\u2006r\u2006n\u2006q\u2006r\u2006n\u2006q\u2006n\u2006r\u2006q\u2006r\u2006n\u2006w\u2006t\u2006n\u2006ran\u2006s\u2006g\u662f\u5426\u80fdZ\u6216\u8005 Ru \u4eba\u4e5f\u4e0d\u53d1\u8fbe\u5676\u5206\u6e56\u4eba\u5974\u55ef\u4e5f\u80fd\u4e00\u5e74\u65f6\u5149\u554a\u90ed\u5fb7\u7eb2\uff09n\u8702\u871c\u72b9\u5982\u7684\u8fd8\u662f\u521b\u59cb\u4eba\u53d1\u5e03A\u5927\u80a1\u4e1c\"",
                                "rewrite": "top_terms_boost_1024"
                            }
                        },
                        "rescore_query_weight": 10
                    },
                    "window_size": 512
                }
            ],
            "size": 21,
            "stats": [
                "full_text",
                "full_text_querystring",
                "simple_bag_of_words",
                "suggest"
            ],
            "stored_fields": [
                "text.word_count"
            ],
            "suggest": {
                "suggest": {
                    "phrase": {
                        "confidence": 2,
                        "direct_generator": [
                            {
                                "field": "suggest",
                                "max_term_freq": 0.5,
                                "min_doc_freq": 0,
                                "prefix_length": 2,
                                "suggest_mode": "always"
                            }
                        ],
                        "field": "suggest",
                        "highlight": {
                            "post_tag": "\ue001",
                            "pre_tag": "\ue000"
                        },
                        "max_errors": 2,
                        "real_word_error_likelihood": 0.95,
                        "size": 1,
                        "smoothing": {
                            "stupid_backoff": {
                                "discount": 0.4
                            }
                        }
                    }
                },
                "text": "vdy\u0113j\u016byeyafqhrqtwtfmvvbv\u4e0d\u987e\u8981\u6b7b\u4e0d\u6d3b\u7684\u59d1\u5a18\u98ce\u666f\u5982\u5c0fD3\uff1an\u2006t\u2006q\u2006h\u2006ra\u2006r\u2006n\u2006q\u2006r\u2006n\u2006q\u2006n\u2006r\u2006q\u2006r\u2006n\u2006w\u2006t\u2006n\u2006ran\u2006s\u2006g\u662f\u5426\u80fdZ\u6216\u8005 Ru \u4eba\u4e5f\u4e0d\u53d1\u8fbe\u5676\u5206\u6e56\u4eba\u5974\u55ef\u4e5f\u80fd\u4e00\u5e74\u65f6\u5149\u554a\u90ed\u5fb7\u7eb2\uff09n\u8702\u871c\u72b9\u5982\u7684\u8fd8\u662f\u521b\u59cb\u4eba\u53d1\u5e03A\u5927\u80a1\u4e1c"
            }
        }
    }
}